GEN	libavutil/libavutil.version
GEN	libswscale/libswscale.version
GEN	libavformat/libavformat.version
GEN	libavcodec/libavcodec.version
CC	libavformat/allformats.o
CC	libavformat/apetag.o
CC	libavformat/aviobuf.o
CC	libavformat/adtsenc.o
CC	libavformat/avformat.o
CC	libavformat/codecstring.o
CC	libavformat/demux_utils.o
CC	libavformat/demux.o
CC	libavformat/avio.o
CC	libavformat/av1.o
CC	libavformat/dovi_isom.o
CC	libavformat/dump.o
CC	libavformat/dv.o
CC	libavformat/dvdclut.o
CC	libavformat/file.o
CC	libavformat/flac_picture.o
CC	libavformat/h264dec.o
CC	libavformat/format.o
CC	libavformat/hevcdec.o
CC	libavformat/iamf.o
CC	libavformat/iamf_parse.o
CC	libavformat/iamf_reader.o
CC	libavformat/id3v1.o
CC	libavformat/id3v2.o
CC	libavformat/id3v2enc.o
CC	libavformat/img2.o
CC	libavformat/isom.o
CC	libavformat/isom_tags.o
CC	libavformat/latmenc.o
CC	libavformat/lcevc.o
CC	libavformat/matroska.o
CC	libavformat/matroskadec.o
CC	libavformat/metadata.o
CC	libavformat/mov.o
CC	libavformat/mov_chan.o
CC	libavformat/mov_esds.o
CC	libavformat/mpegts.o
CC	libavformat/mpegtsenc.o
CC	libavformat/mux.o
CC	libavformat/mux_utils.o
CC	libavformat/nal.o
CC	libavformat/oggparsevorbis.o
CC	libavformat/options.o
CC	libavformat/os_support.o
CC	libavformat/packet_list.o
CC	libavformat/protocols.o
CC	libavformat/rawdec.o
CC	libavformat/qtpalette.o
CC	libavformat/rawenc.o
libavformat/rawdec.c:106:12: warning: ‘raw_data_read_header’ defined but not used [-Wunused-function]
  106 | static int raw_data_read_header(AVFormatContext *s)
      |            ^~~~~~~~~~~~~~~~~~~~
CC	libavformat/replaygain.o
CC	libavformat/riff.o
CC	libavformat/riffdec.o
CC	libavformat/rmsipr.o
CC	libavformat/sdp.o
CC	libavformat/seek.o
CC	libavformat/url.o
CC	libavformat/urldecode.o
CC	libavformat/utils.o
CC	libavformat/version.o
CC	libavformat/vorbiscomment.o
CC	libavformat/vpcc.o
CC	libavformat/ac3_channel_layout_tab.o
CC	libavformat/h2645_parse.o
CC	libavformat/lcevctab.o
CC	libavformat/log2_tab.o
CC	libavformat/mpeg4audio_sample_rates.o
CC	libavformat/mpegaudiotabs.o
CC	libavformat/to_upper4.o
CC	libavcodec/aac_ac3_parser.o
CC	libavcodec/aac_parser.o
CC	libavcodec/aandcttab.o
CC	libavcodec/ac3_channel_layout_tab.o
CC	libavcodec/ac3_parser.o
CC	libavcodec/ac3tab.o
CC	libavcodec/adts_parser.o
CC	libavcodec/adts_header.o
CC	libavcodec/allcodecs.o
CC	libavcodec/aom_film_grain.o
CC	libavcodec/arm/blockdsp_init_neon.o
CC	libavcodec/arm/blockdsp_init_arm.o
AS	libavcodec/arm/blockdsp_neon.o
CC	libavcodec/arm/h264dsp_init_arm.o
AS	libavcodec/arm/h264dsp_neon.o
AS	libavcodec/arm/h264idct_neon.o
AS	libavcodec/arm/hpeldsp_arm.o
AS	libavcodec/arm/hpeldsp_armv6.o
CC	libavcodec/arm/hpeldsp_init_arm.o
CC	libavcodec/arm/hpeldsp_init_armv6.o
AS	libavcodec/arm/hpeldsp_neon.o
CC	libavcodec/arm/hpeldsp_init_neon.o
AS	libavcodec/arm/idctdsp_armv6.o
AS	libavcodec/arm/idctdsp_arm.o
CC	libavcodec/arm/idctdsp_init_arm.o
CC	libavcodec/arm/idctdsp_init_armv6.o
CC	libavcodec/arm/idctdsp_init_armv5te.o
CC	libavcodec/arm/idctdsp_init_neon.o
AS	libavcodec/arm/idctdsp_neon.o
AS	libavcodec/arm/jrevdct_arm.o
AS	libavcodec/arm/me_cmp_armv6.o
CC	libavcodec/arm/me_cmp_init_arm.o
CC	libavcodec/arm/mpegvideo_arm.o
CC	libavcodec/arm/mpegvideo_armv5te.o
AS	libavcodec/arm/mpegvideo_armv5te_s.o
AS	libavcodec/arm/mpegvideo_neon.o
AS	libavcodec/arm/mpegvideoencdsp_armv6.o
CC	libavcodec/arm/mpegvideoencdsp_init_arm.o
AS	libavcodec/arm/pixblockdsp_armv6.o
AS	libavcodec/arm/pixblockdsp_neon.o
CC	libavcodec/arm/pixblockdsp_init_arm.o
AS	libavcodec/arm/simple_idct_arm.o
AS	libavcodec/arm/simple_idct_armv5te.o
AS	libavcodec/arm/simple_idct_armv6.o
AS	libavcodec/arm/simple_idct_neon.o
AS	libavcodec/arm/startcode_armv6.o
AS	libavcodec/arm/videodsp_armv5te.o
CC	libavcodec/arm/videodsp_init_arm.o
CC	libavcodec/arm/videodsp_init_armv5te.o
CC	libavcodec/assdec.o
CC	libavcodec/ass.o
CC	libavcodec/av1_parse.o
CC	libavcodec/atsc_a53.o
CC	libavcodec/avcodec.o
CC	libavcodec/avdct.o
CC	libavcodec/bitstream.o
CC	libavcodec/bitstream_filters.o
CC	libavcodec/blockdsp.o
CC	libavcodec/bsf.o
CC	libavcodec/bsf/aac_adtstoasc.o
CC	libavcodec/bsf/extract_extradata.o
CC	libavcodec/bsf/h264_mp4toannexb.o
CC	libavcodec/bsf/hevc_mp4toannexb.o
CC	libavcodec/bsf/vvc_mp4toannexb.o
CC	libavcodec/codec_desc.o
CC	libavcodec/codec_par.o
CC	libavcodec/d3d11va.o
CC	libavcodec/decode.o
CC	libavcodec/dirac.o
CC	libavcodec/dovi_rpu.o
CC	libavcodec/dovi_rpudec.o
CC	libavcodec/dv_profile.o
CC	libavcodec/dvbsub_parser.o
CC	libavcodec/dvbsubdec.o
CC	libavcodec/dvdsub.o
CC	libavcodec/dvdsub_parser.o
CC	libavcodec/dvdsubdec.o
CC	libavcodec/dynamic_hdr_vivid.o
CC	libavcodec/encode.o
CC	libavcodec/exif.o
CC	libavcodec/faandct.o
CC	libavcodec/faanidct.o
CC	libavcodec/fdctdsp.o
CC	libavcodec/frame_thread_encoder.o
CC	libavcodec/get_buffer.o
CC	libavcodec/golomb.o
CC	libavcodec/h2645_parse.o
CC	libavcodec/h2645_vui.o
CC	libavcodec/h2645_sei.o
CC	libavcodec/h2645data.o
CC	libavcodec/h264_parser.o
CC	libavcodec/h264_parse.o
CC	libavcodec/h264_ps.o
CC	libavcodec/h264_sei.o
CC	libavcodec/h264data.o
CC	libavcodec/h264dsp.o
CC	libavcodec/h264idct.o
CC	libavcodec/hevc/data.o
CC	libavcodec/hevc/parse.o
CC	libavcodec/hevc/parser.o
CC	libavcodec/hevc/ps.o
CC	libavcodec/hevc/sei.o
CC	libavcodec/hpeldsp.o
CC	libavcodec/htmlsubtitles.o
CC	libavcodec/idctdsp.o
CC	libavcodec/imgconvert.o
CC	libavcodec/itut35.o
CC	libavcodec/jfdctint.o
CC	libavcodec/jni.o
CC	libavcodec/jfdctfst.o
CC	libavcodec/jrevdct.o
CC	libavcodec/mathtables.o
CC	libavcodec/me_cmp.o
CC	libavcodec/mediacodec.o
CC	libavcodec/motion_est.o
CC	libavcodec/mpeg12data.o
CC	libavcodec/mpeg12enc.o
CC	libavcodec/mpeg12framerate.o
CC	libavcodec/mpeg4audio_sample_rates.o
CC	libavcodec/mpeg4audio.o
CC	libavcodec/mpegpicture.o
CC	libavcodec/mpegvideo.o
CC	libavcodec/mpegvideo_enc.o
CC	libavcodec/mpegvideo_motion.o
CC	libavcodec/mpegvideo_unquantize.o
CC	libavcodec/mpegvideodata.o
CC	libavcodec/mpegvideoencdsp.o
libavcodec/mpegvideo_enc.c: In function ‘write_mb_info’:
libavcodec/mpegvideo_enc.c:2887:5: warning: ‘pred_x’ is used uninitialized [-Wuninitialized]
 2887 |     bytestream_put_byte(&ptr, pred_x); /* hmv1 */
      |     ^~~~~~~~~~~~~~~~~~~~~~~~~~~~~~~~~
libavcodec/mpegvideo_enc.c:2880:9: note: ‘pred_x’ was declared here
 2880 |     int pred_x, pred_y;
      |         ^~~~~~
libavcodec/mpegvideo_enc.c:2888:5: warning: ‘pred_y’ is used uninitialized [-Wuninitialized]
 2888 |     bytestream_put_byte(&ptr, pred_y); /* vmv1 */
      |     ^~~~~~~~~~~~~~~~~~~~~~~~~~~~~~~~~
libavcodec/mpegvideo_enc.c:2880:17: note: ‘pred_y’ was declared here
 2880 |     int pred_x, pred_y;
      |                 ^~~~~~
CC	libavcodec/neon/mpegvideo.o
CC	libavcodec/options.o
CC	libavcodec/packet.o
CC	libavcodec/parser.o
CC	libavcodec/parsers.o
CC	libavcodec/pgssubdec.o
CC	libavcodec/pixblockdsp.o
CC	libavcodec/profiles.o
CC	libavcodec/pthread.o
CC	libavcodec/pthread_frame.o
CC	libavcodec/pthread_slice.o
CC	libavcodec/qsv_api.o
CC	libavcodec/ratecontrol.o
CC	libavcodec/raw.o
CC	libavcodec/rl.o
CC	libavcodec/simple_idct.o
CC	libavcodec/srtdec.o
CC	libavcodec/startcode.o
CC	libavcodec/textdec.o
libavcodec/pthread_frame.c: In function ‘frame_worker_thread’:
libavcodec/pthread_frame.c:183:45: warning: ‘%d’ directive output may be truncated writing between 1 and 8 bytes into a region of size between 3 and 10 [-Wformat-truncation=]
  183 |     snprintf(name, sizeof(name), "av:%.7s:df%d", avctx->codec->name, idx);
      |                                             ^~
In function ‘thread_set_name’,
    inlined from ‘frame_worker_thread’ at libavcodec/pthread_frame.c:247:5:
libavcodec/pthread_frame.c:183:34: note: directive argument in the range [-8388608, 8388607]
  183 |     snprintf(name, sizeof(name), "av:%.7s:df%d", avctx->codec->name, idx);
      |                                  ^~~~~~~~~~~~~~
libavcodec/pthread_frame.c:183:5: note: ‘snprintf’ output between 8 and 22 bytes into a destination of size 16
  183 |     snprintf(name, sizeof(name), "av:%.7s:df%d", avctx->codec->name, idx);
      |     ^~~~~~~~~~~~~~~~~~~~~~~~~~~~~~~~~~~~~~~~~~~~~~~~~~~~~~~~~~~~~~~~~~~~~
CC	libavcodec/threadprogress.o
CC	libavcodec/utils.o
CC	libavcodec/tiff_common.o
CC	libavcodec/to_upper4.o
CC	libavcodec/version.o
CC	libavcodec/videodsp.o
CC	libavcodec/vlc.o
CC	libavcodec/vorbis_parser.o
CC	libavcodec/webvttdec.o
CC	libavcodec/xiph.o
CC	libavcodec/float_scalarproduct.o
CC	libavcodec/log2_tab.o
CC	libavcodec/reverse.o
CC	libavcodec/timecode_internal.o
CC	libavutil/adler32.o
CC	libavutil/aes.o
CC	libavutil/ambient_viewing_environment.o
CC	libavutil/aes_ctr.o
CC	libavutil/arm/cpu.o
CC	libavutil/arm/float_dsp_init_arm.o
CC	libavutil/arm/float_dsp_init_neon.o
CC	libavutil/arm/float_dsp_init_vfp.o
AS	libavutil/arm/float_dsp_neon.o
AS	libavutil/arm/float_dsp_vfp.o
CC	libavutil/audio_fifo.o
CC	libavutil/avsscanf.o
CC	libavutil/avstring.o
CC	libavutil/base64.o
CC	libavutil/blowfish.o
CC	libavutil/bprint.o
CC	libavutil/buffer.o
CC	libavutil/camellia.o
CC	libavutil/cast5.o
CC	libavutil/channel_layout.o
CC	libavutil/container_fifo.o
CC	libavutil/cpu.o
CC	libavutil/crc.o
CC	libavutil/csp.o
CC	libavutil/des.o
CC	libavutil/detection_bbox.o
CC	libavutil/dict.o
CC	libavutil/display.o
CC	libavutil/dovi_meta.o
CC	libavutil/downmix_info.o
CC	libavutil/encryption_info.o
CC	libavutil/error.o
CC	libavutil/eval.o
CC	libavutil/executor.o
CC	libavutil/fifo.o
CC	libavutil/file.o
CC	libavutil/file_open.o
CC	libavutil/film_grain_params.o
CC	libavutil/fixed_dsp.o
CC	libavutil/float_dsp.o
CC	libavutil/float_scalarproduct.o
CC	libavutil/hash.o
CC	libavutil/frame.o
CC	libavutil/hdr_dynamic_metadata.o
CC	libavutil/hdr_dynamic_vivid_metadata.o
CC	libavutil/hmac.o
CC	libavutil/hwcontext.o
CC	libavutil/iamf.o
CC	libavutil/hwcontext_stub.o
CC	libavutil/imgutils.o
CC	libavutil/integer.o
CC	libavutil/intmath.o
CC	libavutil/lfg.o
CC	libavutil/lls.o
CC	libavutil/log.o
CC	libavutil/log2_tab.o
CC	libavutil/lzo.o
CC	libavutil/mastering_display_metadata.o
CC	libavutil/mathematics.o
CC	libavutil/md5.o
CC	libavutil/mem.o
CC	libavutil/murmur3.o
CC	libavutil/opt.o
CC	libavutil/parseutils.o
CC	libavutil/pixdesc.o
CC	libavutil/pixelutils.o
CC	libavutil/random_seed.o
CC	libavutil/rational.o
CC	libavutil/raw_color_params.o
CC	libavutil/refstruct.o
CC	libavutil/rc4.o
CC	libavutil/reverse.o
CC	libavutil/ripemd.o
CC	libavutil/samplefmt.o
CC	libavutil/sha.o
CC	libavutil/sha512.o
CC	libavutil/side_data.o
CC	libavutil/slicethread.o
CC	libavutil/spherical.o
CC	libavutil/stereo3d.o
CC	libavutil/tdrdi.o
CC	libavutil/tea.o
CC	libavutil/threadmessage.o
CC	libavutil/time.o
CC	libavutil/timecode.o
CC	libavutil/timecode_internal.o
CC	libavutil/timestamp.o
CC	libavutil/tree.o
CC	libavutil/twofish.o
CC	libavutil/tx_double.o
CC	libavutil/tx.o
CC	libavutil/tx_float.o
CC	libavutil/tx_int32.o
CC	libavutil/utils.o
CC	libavutil/uuid.o
CC	libavutil/version.o
CC	libavutil/video_enc_params.o
CC	libavutil/video_hint.o
CC	libavutil/xga_font_data.o
CC	libavutil/xtea.o
GEN	libavformat/libavformat-plx.pc
GEN	libavcodec/libavcodec-plx.pc
CC	libswscale/alphablend.o
AS	libswscale/arm/hscale.o
AS	libswscale/arm/output.o
AS	libswscale/arm/rgb2yuv_neon_16.o
AS	libswscale/arm/rgb2yuv_neon_32.o
CC	libswscale/arm/swscale.o
CC	libswscale/arm/swscale_unscaled.o
AS	libswscale/arm/yuv2rgb_neon.o
CC	libswscale/cms.o
CC	libswscale/csputils.o
CC	libswscale/filters.o
CC	libswscale/format.o
CC	libswscale/framepool.o
CC	libswscale/gamma.o
CC	libswscale/graph.o
CC	libswscale/hscale.o
CC	libswscale/hscale_fast_bilinear.o
CC	libswscale/input.o
CC	libswscale/lut3d.o
CC	libswscale/ops.o
CC	libswscale/ops_chain.o
CC	libswscale/ops_dispatch.o
CC	libswscale/ops_memcpy.o
CC	libswscale/ops_optimizer.o
CC	libswscale/options.o
CC	libswscale/output.o
CC	libswscale/rational64.o
CC	libswscale/rgb2rgb.o
CC	libswscale/slice.o
CC	libswscale/swscale.o
CC	libswscale/swscale_unscaled.o
CC	libswscale/uops.o
CC	libswscale/uops_backend.o
CC	libswscale/utils.o
CC	libswscale/version.o
CC	libswscale/vscale.o
CC	libswscale/yuv2rgb.o
CC	libswscale/half2float.o
CC	libswscale/log2_tab.o
GEN	libswscale/libswscale-plx.pc
GEN	libavutil/libavutil-plx.pc
GEN	libavformat/libavformat.ver
GEN	libavcodec/libavcodec.ver
GEN	libavutil/libavutil.ver
LD	libavutil/libavutil-plx.so.61
LD	libavcodec/libavcodec-plx.so.63
LD	libavformat/libavformat-plx.so.63
GEN	libswscale/libswscale.ver
LD	libswscale/libswscale-plx.so.10
